2026-09-04 16:16:14  Sync OK - 1 file(s) changed and pushed.
2026-09-04 16:17:10  Sync OK - 1 file(s) changed and pushed.
2026-09-04 16:21:43  Sync OK - 4 file(s) changed and pushed.
2026-09-04 16:26:07  Sync OK - 1 file(s) changed and pushed.
2026-09-04 16:36:05  OFFLINE or network error during fetch - skipped, will retry next run. fatal: unable to access 'https://github.com/padeshahanin-del/analiz.git/': schannel: failed to receive handshake, SSL/TLS connection failed
2026-09-04 16:46:07  Sync OK - 1 file(s) changed and pushed.
2026-09-04 16:57:29  Sync OK - 1 file(s) changed and pushed.
2026-09-04 17:06:04  OFFLINE or network error during fetch - skipped, will retry next run. fatal: unable to access 'https://github.com/padeshahanin-del/analiz.git/': schannel: failed to receive handshake, SSL/TLS connection failed
2026-09-04 17:16:06  OFFLINE or network error during fetch - skipped, will retry next run. fatal: unable to access 'https://github.com/padeshahanin-del/analiz.git/': schannel: failed to receive handshake, SSL/TLS connection failed
2026-09-04 17:26:21  Sync OK - 1 file(s) changed and pushed.
2026-09-04 17:36:04  OFFLINE or network error during fetch - skipped, will retry next run. fatal: unable to access 'https://github.com/padeshahanin-del/analiz.git/': schannel: failed to receive handshake, SSL/TLS connection failed
2026-09-04 17:46:01  OFFLINE or network error during fetch - skipped, will retry next run. fatal: unable to access 'https://github.com/padeshahanin-del/analiz.git/': schannel: failed to receive handshake, SSL/TLS connection failed
2026-09-04 17:56:01  OFFLINE or network error during fetch - skipped, will retry next run. fatal: unable to access 'https://github.com/padeshahanin-del/analiz.git/': schannel: failed to receive handshake, SSL/TLS connection failed
2026-09-04 18:06:04  OFFLINE or network error during fetch - skipped, will retry next run. fatal: unable to access 'https://github.com/padeshahanin-del/analiz.git/': schannel: failed to receive handshake, SSL/TLS connection failed
2026-09-04 18:16:07  OFFLINE or network error during fetch - skipped, will retry next run. fatal: unable to access 'https://github.com/padeshahanin-del/analiz.git/': schannel: failed to receive handshake, SSL/TLS connection failed
2026-09-04 18:26:04  OFFLINE or network error during fetch - skipped, will retry next run. fatal: unable to access 'https://github.com/padeshahanin-del/analiz.git/': schannel: failed to receive handshake, SSL/TLS connection failed
2026-09-04 18:36:16  Sync OK - 1 file(s) changed and pushed.
2026-09-04 21:27:09  Sync OK - 1 file(s) changed and pushed.
2026-09-04 21:36:14  Sync OK - 1 file(s) changed and pushed.
2026-09-04 21:46:19  Sync OK - 1 file(s) changed and pushed.
2026-09-04 21:56:22  Sync OK - 1 file(s) changed and pushed.
2026-09-04 22:06:13  Sync OK - 1 file(s) changed and pushed.
2026-09-05 10:25:47  Sync OK - 1 file(s) changed and pushed.
2026-09-05 10:26:06  Sync OK - 1 file(s) changed and pushed.
2026-09-05 10:36:06  Sync OK - 1 file(s) changed and pushed.
2026-09-05 10:46:05  Sync OK - 1 file(s) changed and pushed.
2026-09-05 10:56:12  Sync OK - 1 file(s) changed and pushed.
2026-09-05 11:07:09  Sync OK - 1 file(s) changed and pushed.
2026-09-05 11:16:14  Sync OK - 1 file(s) changed and pushed.
2026-09-05 11:26:19  Sync OK - 1 file(s) changed and pushed.
2026-09-05 11:36:14  Sync OK - 1 file(s) changed and pushed.
2026-09-05 11:46:15  Sync OK - 1 file(s) changed and pushed.
2026-09-05 11:56:05  Sync OK - 1 file(s) changed and pushed.
2026-09-05 12:06:05  Sync OK - 1 file(s) changed and pushed.
2026-09-05 12:16:14  Sync OK - 1 file(s) changed and pushed.
2026-09-05 12:26:13  Sync OK - 1 file(s) changed and pushed.
2026-09-05 12:36:05  Sync OK - 1 file(s) changed and pushed.
2026-09-05 12:46:13  Sync OK - 1 file(s) changed and pushed.
2026-09-05 16:27:55  Sync OK - 1 file(s) changed and pushed.
2026-09-05 16:36:21  Sync OK - 1 file(s) changed and pushed.
2026-09-05 16:46:16  Sync OK - 1 file(s) changed and pushed.
2026-09-05 16:56:11  Sync OK - 1 file(s) changed and pushed.
2026-09-05 17:06:12  Sync OK - 1 file(s) changed and pushed.
2026-09-05 17:16:13  Sync OK - 1 file(s) changed and pushed.
2026-09-05 17:26:16  Sync OK - 1 file(s) changed and pushed.
2026-09-05 17:36:13  Sync OK - 1 file(s) changed and pushed.
2026-09-05 17:46:04  Sync OK - 1 file(s) changed and pushed.
2026-09-05 17:56:12  Sync OK - 1 file(s) changed and pushed.
2026-09-05 18:07:05  Sync OK - 1 file(s) changed and pushed.
2026-09-05 18:16:17  Sync OK - 1 file(s) changed and pushed.
2026-09-05 18:26:31  Sync OK - 1 file(s) changed and pushed.
2026-09-05 18:36:19  Sync OK - 1 file(s) changed and pushed.
2026-09-05 18:46:20  Sync OK - 1 file(s) changed and pushed.
2026-09-05 18:56:05  Sync OK - 1 file(s) changed and pushed.
2026-09-05 19:06:04  Sync OK - 1 file(s) changed and pushed.
2026-09-05 19:16:04  Sync OK - 1 file(s) changed and pushed.
2026-09-05 19:26:04  Sync OK - 1 file(s) changed and pushed.
2026-09-06 17:41:05  Sync OK - 1 file(s) changed and pushed.
2026-09-06 17:56:13  Sync OK - 1 file(s) changed and pushed.
2026-09-06 18:09:24  Sync OK - 1 file(s) changed and pushed.
2026-09-06 18:16:52  Sync OK - 1 file(s) changed and pushed.
2026-09-06 18:26:12  Sync OK - 1 file(s) changed and pushed.
2026-09-06 18:46:16  Sync OK - 1 file(s) changed and pushed.
2026-09-06 18:56:15  Sync OK - 1 file(s) changed and pushed.
2026-09-11 16:56:04  OFFLINE or network error during fetch - skipped, will retry next run. fatal: unable to access 'https://github.com/padeshahanin-del/analiz.git/': Could not resolve host: github.com
2026-09-11 17:06:00  OFFLINE or network error during fetch - skipped, will retry next run. fatal: unable to access 'https://github.com/padeshahanin-del/analiz.git/': Could not resolve host: github.com
2026-09-11 17:16:01  OFFLINE or network error during fetch - skipped, will retry next run. fatal: unable to access 'https://github.com/padeshahanin-del/analiz.git/': Could not resolve host: github.com
2026-09-11 17:27:22  Sync OK - 1 file(s) changed and pushed.
2026-09-11 17:46:27  Sync OK - 1 file(s) changed and pushed.
2026-09-11 17:56:19  Sync OK - 1 file(s) changed and pushed.
2026-09-11 18:06:11  Sync OK - 1 file(s) changed and pushed.
2026-09-11 19:13:20  Sync OK - 1 file(s) changed and pushed.
2026-09-11 19:21:59  Sync OK - 1 file(s) changed and pushed.
2026-09-18 14:30:57  OFFLINE or network error during fetch - skipped, will retry next run. fatal: unable to access 'https://github.com/padeshahanin-del/analiz.git/': Could not resolve host: github.com
2026-09-18 16:01:43  Sync OK - 1 file(s) changed and pushed.
2026-09-18 16:08:11  Sync OK - 1 file(s) changed and pushed.
2026-09-18 16:44:22  Sync OK - 1 file(s) changed and pushed.
2026-09-18 16:47:19  Sync OK - 1 file(s) changed and pushed.
2026-09-18 16:56:15  Sync OK - 1 file(s) changed and pushed.
2026-09-18 17:06:07  Sync OK - 1 file(s) changed and pushed.
2026-09-18 17:16:14  Sync OK - 1 file(s) changed and pushed.
2026-09-18 17:26:13  Sync OK - 1 file(s) changed and pushed.
2026-09-18 17:36:05  Sync OK - 1 file(s) changed and pushed.
2026-09-18 17:46:06  Sync OK - 1 file(s) changed and pushed.
2026-09-18 18:01:06  OFFLINE or network error during fetch - skipped, will retry next run. fatal: unable to access 'https://github.com/padeshahanin-del/analiz.git/': Connection timed out after 300009 milliseconds
2026-09-18 18:06:09  Sync OK - 1 file(s) changed and pushed.
2026-09-18 18:17:37  Sync OK - 1 file(s) changed and pushed.
2026-09-18 18:26:13  Sync OK - 1 file(s) changed and pushed.
2026-09-18 18:36:06  Sync OK - 1 file(s) changed and pushed.
2026-09-18 18:46:07  Sync OK - 1 file(s) changed and pushed.
2026-09-18 18:56:56  Sync OK - 1 file(s) changed and pushed.
2026-09-18 19:06:25  Sync OK - 1 file(s) changed and pushed.
2026-09-18 19:16:07  Sync OK - 1 file(s) changed and pushed.
2026-09-18 19:26:08  Sync OK - 1 file(s) changed and pushed.
2026-09-18 19:36:36  Sync OK - 1 file(s) changed and pushed.
2026-09-18 19:46:29  Sync OK - 1 file(s) changed and pushed.
2026-09-18 19:56:25  OFFLINE or network error during fetch - skipped, will retry next run. fatal: unable to access 'https://github.com/padeshahanin-del/analiz.git/': Empty reply from server
2026-09-18 20:06:30  Sync OK - 1 file(s) changed and pushed.
2026-09-18 20:16:14  Sync OK - 1 file(s) changed and pushed.
2026-09-18 20:26:13  Sync OK - 1 file(s) changed and pushed.
2026-09-18 20:36:14  Sync OK - 1 file(s) changed and pushed.
2026-09-18 20:46:05  Sync OK - 1 file(s) changed and pushed.
2026-09-18 20:56:08  Sync OK - 1 file(s) changed and pushed.
2026-09-18 21:06:05  Sync OK - 1 file(s) changed and pushed.
2026-09-18 21:16:19  Sync OK - 1 file(s) changed and pushed.
2026-09-18 21:26:33  Sync OK - 1 file(s) changed and pushed.
2026-09-18 21:36:14  Sync OK - 1 file(s) changed and pushed.
2026-09-18 21:46:15  Sync OK - 1 file(s) changed and pushed.
2026-09-18 21:56:15  Sync OK - 1 file(s) changed and pushed.
2026-09-18 22:06:16  Sync OK - 1 file(s) changed and pushed.
2026-09-18 22:16:41  Sync OK - 1 file(s) changed and pushed.
2026-09-18 22:26:18  Sync OK - 1 file(s) changed and pushed.
2026-09-18 22:36:20  Sync OK - 1 file(s) changed and pushed.
2026-09-18 22:46:16  Sync OK - 1 file(s) changed and pushed.
2026-09-18 22:56:14  Sync OK - 1 file(s) changed and pushed.
2026-09-18 23:06:08  Sync OK - 1 file(s) changed and pushed.
2026-09-18 23:16:32  Sync OK - 1 file(s) changed and pushed.
2026-09-18 23:26:29  OFFLINE or network error during fetch - skipped, will retry next run. fatal: unable to access 'https://github.com/padeshahanin-del/analiz.git/': Empty reply from server
2026-09-18 23:36:22  Sync OK - 1 file(s) changed and pushed.
2026-09-18 23:46:10  Sync OK - 1 file(s) changed and pushed.
2026-09-18 23:56:07  Sync OK - 1 file(s) changed and pushed.
2026-09-19 00:06:06  Sync OK - 1 file(s) changed and pushed.
2026-09-19 00:16:18  Sync OK - 1 file(s) changed and pushed.
2026-09-19 00:26:05  Sync OK - 1 file(s) changed and pushed.
2026-09-19 00:36:04  Sync OK - 1 file(s) changed and pushed.
2026-09-19 00:46:11  OFFLINE or network error during fetch - skipped, will retry next run. fatal: unable to access 'https://github.com/padeshahanin-del/analiz.git/': Could not resolve host: github.com
2026-09-19 00:56:08  Sync OK - 1 file(s) changed and pushed.
2026-09-19 01:06:09  Sync OK - 1 file(s) changed and pushed.
2026-09-19 01:16:13  Sync OK - 1 file(s) changed and pushed.
2026-09-19 01:26:10  Sync OK - 1 file(s) changed and pushed.
2026-09-19 01:36:26  Sync OK - 1 file(s) changed and pushed.
2026-09-20 10:26:48  Sync OK - 1 file(s) changed and pushed.
2026-09-20 16:44:48  Sync OK - 1 file(s) changed and pushed.
2026-09-20 16:46:05  Sync OK - 1 file(s) changed and pushed.
2026-09-20 16:56:11  Sync OK - 1 file(s) changed and pushed.
2026-09-20 17:06:05  Sync OK - 1 file(s) changed and pushed.
2026-09-20 17:16:04  Sync OK - 1 file(s) changed and pushed.
2026-09-20 17:36:15  Sync OK - 1 file(s) changed and pushed.
2026-09-20 17:46:16  Sync OK - 1 file(s) changed and pushed.
2026-09-20 17:56:07  Sync OK - 1 file(s) changed and pushed.
2026-09-20 18:06:09  Sync OK - 1 file(s) changed and pushed.
2026-09-20 18:16:06  Sync OK - 1 file(s) changed and pushed.
2026-09-20 18:26:20  Sync OK - 1 file(s) changed and pushed.
2026-09-20 18:46:13  Sync OK - 1 file(s) changed and pushed.
2026-09-20 18:56:06  Sync OK - 1 file(s) changed and pushed.
2026-09-20 19:06:04  Sync OK - 1 file(s) changed and pushed.
2026-09-20 19:16:04  Sync OK - 1 file(s) changed and pushed.
2026-09-20 19:26:34  Sync OK - 1 file(s) changed and pushed.
2026-09-20 19:36:14  Sync OK - 1 file(s) changed and pushed.
2026-09-20 19:46:11  Sync OK - 1 file(s) changed and pushed.
2026-09-20 19:56:12  Sync OK - 1 file(s) changed and pushed.
2026-09-20 20:06:11  Sync OK - 1 file(s) changed and pushed.
2026-09-20 20:16:09  Sync OK - 1 file(s) changed and pushed.
2026-09-20 20:26:20  Sync OK - 1 file(s) changed and pushed.
2026-09-21 13:59:51  Sync OK - 1 file(s) changed and pushed.
2026-09-21 14:06:06  Sync OK - 1 file(s) changed and pushed.
2026-09-21 14:16:22  Sync OK - 1 file(s) changed and pushed.
2026-09-21 14:27:45  Sync OK - 1 file(s) changed and pushed.
2026-09-21 14:36:15  Sync OK - 1 file(s) changed and pushed.
2026-09-21 14:46:13  Sync OK - 1 file(s) changed and pushed.
2026-09-21 14:56:13  Sync OK - 1 file(s) changed and pushed.
2026-09-21 15:06:11  Sync OK - 1 file(s) changed and pushed.
2026-09-21 15:16:05  Sync OK - 1 file(s) changed and pushed.
2026-09-21 15:26:17  Sync OK - 1 file(s) changed and pushed.
2026-09-21 15:36:14  Sync OK - 1 file(s) changed and pushed.
2026-09-21 15:46:12  Sync OK - 1 file(s) changed and pushed.
2026-09-21 15:56:11  Sync OK - 1 file(s) changed and pushed.
2026-09-21 16:06:20  Sync OK - 1 file(s) changed and pushed.
2026-09-21 16:16:05  Sync OK - 1 file(s) changed and pushed.
2026-09-21 16:26:19  Sync OK - 1 file(s) changed and pushed.
2026-09-21 16:36:12  Sync OK - 1 file(s) changed and pushed.
2026-09-21 16:46:14  Sync OK - 1 file(s) changed and pushed.
2026-09-21 16:56:13  Sync OK - 1 file(s) changed and pushed.
2026-09-21 17:06:13  Sync OK - 1 file(s) changed and pushed.
2026-09-21 17:36:21  Sync OK - 1 file(s) changed and pushed.
2026-09-21 17:46:12  Sync OK - 1 file(s) changed and pushed.
2026-09-21 17:56:11  Sync OK - 1 file(s) changed and pushed.
2026-09-21 18:06:05  Sync OK - 1 file(s) changed and pushed.
2026-09-21 21:33:12  Sync OK - 1 file(s) changed and pushed.
2026-09-21 21:36:10  Sync OK - 1 file(s) changed and pushed.
2026-09-21 21:46:05  Sync OK - 1 file(s) changed and pushed.
2026-09-21 21:56:08  Sync OK - 1 file(s) changed and pushed.
2026-09-21 22:06:13  Sync OK - 1 file(s) changed and pushed.
2026-09-21 22:16:12  Sync OK - 1 file(s) changed and pushed.
2026-09-21 22:26:14  Sync OK - 1 file(s) changed and pushed.
2026-09-21 22:36:09  Sync OK - 1 file(s) changed and pushed.
2026-09-21 22:46:07  Sync OK - 1 file(s) changed and pushed.
2026-09-21 22:56:08  Sync OK - 1 file(s) changed and pushed.
2026-09-22 15:06:49  Sync OK - 1 file(s) changed and pushed.
2026-09-22 15:16:14  Sync OK - 1 file(s) changed and pushed.
2026-09-22 15:26:08  Sync OK - 1 file(s) changed and pushed.
2026-09-22 15:36:05  Sync OK - 1 file(s) changed and pushed.
2026-09-22 15:46:05  Sync OK - 1 file(s) changed and pushed.
2026-09-22 15:56:05  Sync OK - 1 file(s) changed and pushed.
2026-09-22 16:06:07  Sync OK - 1 file(s) changed and pushed.
2026-09-22 16:16:05  Sync OK - 1 file(s) changed and pushed.
2026-09-22 16:26:05  Sync OK - 1 file(s) changed and pushed.
2026-09-22 16:36:05  Sync OK - 1 file(s) changed and pushed.
2026-09-22 16:46:05  Sync OK - 1 file(s) changed and pushed.
2026-09-22 16:56:23  Sync OK - 1 file(s) changed and pushed.
2026-09-22 17:06:07  Sync OK - 1 file(s) changed and pushed.
2026-09-22 17:26:14  Sync OK - 1 file(s) changed and pushed.
2026-09-22 17:36:13  Sync OK - 1 file(s) changed and pushed.
2026-09-22 17:46:12  Sync OK - 1 file(s) changed and pushed.
2026-09-22 17:56:08  Sync OK - 1 file(s) changed and pushed.
2026-09-22 18:07:37  Sync OK - 1 file(s) changed and pushed.
2026-09-22 18:16:12  Sync OK - 1 file(s) changed and pushed.
2026-09-22 18:46:36  Sync OK - 1 file(s) changed and pushed.
2026-09-22 19:41:22  Sync OK - 1 file(s) changed and pushed.
2026-09-22 19:46:06  Sync OK - 1 file(s) changed and pushed.
2026-09-23 12:48:59  Sync OK - 1 file(s) changed and pushed.
2026-09-23 12:59:57  Sync OK - 1 file(s) changed and pushed.
2026-09-23 13:31:47  Sync OK - 1 file(s) changed and pushed.
2026-09-23 13:36:10  Sync OK - 1 file(s) changed and pushed.
2026-09-23 13:46:11  Sync OK - 1 file(s) changed and pushed.
2026-09-23 13:56:10  Sync OK - 1 file(s) changed and pushed.
2026-09-23 14:06:07  Sync OK - 1 file(s) changed and pushed.
2026-09-23 14:16:18  Sync OK - 1 file(s) changed and pushed.
2026-09-23 14:26:14  Sync OK - 1 file(s) changed and pushed.
2026-09-23 14:36:15  Sync OK - 1 file(s) changed and pushed.
2026-09-23 14:46:13  Sync OK - 1 file(s) changed and pushed.
2026-09-23 15:06:09  No changes - nothing to sync.
2026-09-23 15:46:16  Sync OK - 1 file(s) changed and pushed.
2026-09-23 15:56:04  Sync OK - 1 file(s) changed and pushed.
2026-09-23 16:16:14  Sync OK - 1 file(s) changed and pushed.
2026-09-23 16:36:20  Sync OK - 1 file(s) changed and pushed.
2026-09-23 16:46:07  Sync OK - 1 file(s) changed and pushed.
2026-09-23 17:56:18  Sync OK - 1 file(s) changed and pushed.
2026-09-23 18:06:35  Sync OK - 1 file(s) changed and pushed.
2026-09-23 18:16:16  Sync OK - 1 file(s) changed and pushed.
2026-09-23 18:36:20  Sync OK - 1 file(s) changed and pushed.
2026-09-23 18:46:21  Sync OK - 1 file(s) changed and pushed.
2026-09-23 18:56:15  Sync OK - 1 file(s) changed and pushed.
2026-09-23 19:06:07  Sync OK - 1 file(s) changed and pushed.
2026-09-23 19:16:15  Sync OK - 1 file(s) changed and pushed.
2026-09-23 19:26:08  Sync OK - 1 file(s) changed and pushed.
2026-09-23 19:36:06  Sync OK - 1 file(s) changed and pushed.
2026-09-23 19:46:05  Sync OK - 1 file(s) changed and pushed.
2026-09-23 19:56:04  Sync OK - 1 file(s) changed and pushed.
2026-09-23 20:06:04  Sync OK - 1 file(s) changed and pushed.
2026-09-23 20:16:09  Sync OK - 1 file(s) changed and pushed.
2026-09-23 20:26:14  Sync OK - 1 file(s) changed and pushed.
2026-09-23 20:36:13  Sync OK - 1 file(s) changed and pushed.
2026-09-23 20:46:15  Sync OK - 1 file(s) changed and pushed.
2026-09-23 20:56:10  Sync OK - 1 file(s) changed and pushed.
2026-09-23 21:06:09  Sync OK - 1 file(s) changed and pushed.
2026-09-23 21:16:09  Sync OK - 1 file(s) changed and pushed.
2026-09-23 21:26:15  Sync OK - 1 file(s) changed and pushed.
2026-09-23 21:36:09  Sync OK - 1 file(s) changed and pushed.
2026-09-23 21:46:10  Sync OK - 1 file(s) changed and pushed.
2026-09-23 21:56:09  Sync OK - 1 file(s) changed and pushed.
2026-09-23 22:06:10  Sync OK - 1 file(s) changed and pushed.
2026-09-23 22:16:11  Sync OK - 1 file(s) changed and pushed.
2026-09-23 22:26:16  Sync OK - 1 file(s) changed and pushed.
2026-09-23 22:36:07  Sync OK - 1 file(s) changed and pushed.
2026-09-23 22:46:41  Sync OK - 1 file(s) changed and pushed.
2026-09-23 22:56:14  Sync OK - 1 file(s) changed and pushed.
2026-09-23 23:06:07  Sync OK - 1 file(s) changed and pushed.
2026-09-23 23:16:09  Sync OK - 1 file(s) changed and pushed.
2026-09-23 23:26:15  Sync OK - 1 file(s) changed and pushed.
2026-09-23 23:36:17  Sync OK - 1 file(s) changed and pushed.
2026-09-23 23:46:14  Sync OK - 1 file(s) changed and pushed.
2026-09-23 23:56:14  Sync OK - 1 file(s) changed and pushed.
2026-09-24 00:06:12  Sync OK - 1 file(s) changed and pushed.
2026-09-24 00:16:08  Sync OK - 1 file(s) changed and pushed.
2026-09-24 00:26:14  Sync OK - 1 file(s) changed and pushed.
2026-09-24 00:36:08  Sync OK - 1 file(s) changed and pushed.
2026-09-24 00:46:09  Sync OK - 1 file(s) changed and pushed.
2026-09-24 00:56:07  Sync OK - 1 file(s) changed and pushed.
2026-09-24 01:06:08  Sync OK - 1 file(s) changed and pushed.
2026-09-24 01:16:15  Sync OK - 1 file(s) changed and pushed.
2026-09-24 01:26:10  Sync OK - 1 file(s) changed and pushed.
2026-09-24 01:36:10  Sync OK - 1 file(s) changed and pushed.
2026-09-24 01:46:09  Sync OK - 1 file(s) changed and pushed.
2026-09-24 01:56:08  Sync OK - 1 file(s) changed and pushed.
2026-09-24 02:06:09  Sync OK - 1 file(s) changed and pushed.
2026-09-24 02:16:11  Sync OK - 1 file(s) changed and pushed.
2026-09-24 02:26:11  Sync OK - 1 file(s) changed and pushed.
2026-09-24 02:36:07  Sync OK - 1 file(s) changed and pushed.
2026-09-24 02:46:07  Sync OK - 1 file(s) changed and pushed.
2026-09-24 02:56:07  Sync OK - 1 file(s) changed and pushed.
2026-09-24 04:48:27  OFFLINE or network error during fetch - skipped, will retry next run. fatal: unable to access 'https://github.com/padeshahanin-del/analiz.git/': Empty reply from server
2026-09-24 04:56:21  Sync OK - 1 file(s) changed and pushed.
2026-09-24 05:27:33  Sync OK - 1 file(s) changed and pushed.
2026-09-24 05:42:56  Sync OK - 1 file(s) changed and pushed.
2026-09-24 05:46:44  Sync OK - 1 file(s) changed and pushed.
2026-09-24 06:03:39  Sync OK - 1 file(s) changed and pushed.
2026-09-24 06:08:04  Sync OK - 1 file(s) changed and pushed.
2026-09-24 06:16:18  Sync OK - 1 file(s) changed and pushed.
2026-09-24 06:26:23  Sync OK - 1 file(s) changed and pushed.
2026-09-24 06:57:35  Sync OK - 1 file(s) changed and pushed.
2026-09-24 07:06:11  Sync OK - 1 file(s) changed and pushed.
2026-09-24 07:16:11  Sync OK - 1 file(s) changed and pushed.
2026-09-24 07:26:10  Sync OK - 1 file(s) changed and pushed.
2026-09-24 07:36:06  Sync OK - 1 file(s) changed and pushed.
2026-09-24 07:46:29  Sync OK - 1 file(s) changed and pushed.
2026-09-24 07:56:11  Sync OK - 1 file(s) changed and pushed.
2026-09-24 08:06:06  Sync OK - 1 file(s) changed and pushed.
2026-09-24 08:16:11  Sync OK - 1 file(s) changed and pushed.
2026-09-24 08:26:08  Sync OK - 1 file(s) changed and pushed.
2026-09-24 08:36:09  Sync OK - 1 file(s) changed and pushed.
2026-09-24 08:46:10  Sync OK - 1 file(s) changed and pushed.
2026-09-24 18:17:47  Sync OK - 1 file(s) changed and pushed.
2026-09-24 18:26:18  Sync OK - 1 file(s) changed and pushed.
2026-09-24 18:36:07  Sync OK - 1 file(s) changed and pushed.
2026-09-24 18:46:07  Sync OK - 1 file(s) changed and pushed.
2026-09-24 18:56:12  Sync OK - 1 file(s) changed and pushed.
2026-09-24 19:06:08  Committed locally but push failed (likely offline) - will retry next run. remote: Internal Server Error         remote: Request ID C438:18B7D8:535D3C:4C0D6D:6AB54369         remote: Time 2026-09-24T15:36:11Z To https://github.com/padeshahanin-del/analiz.git  ! [remote rejected] main -> main (Internal Server Error) error: failed to push some refs to 'https://github.com/padeshahanin-del/analiz.git'
2026-09-24 19:16:08  Sync OK - 1 file(s) changed and pushed.
2026-09-24 19:26:11  Sync OK - 1 file(s) changed and pushed.
2026-09-24 19:36:06  Sync OK - 1 file(s) changed and pushed.
2026-09-24 19:46:05  Sync OK - 1 file(s) changed and pushed.
2026-09-24 19:56:06  Sync OK - 1 file(s) changed and pushed.
2026-09-24 20:06:12  Sync OK - 1 file(s) changed and pushed.
2026-09-24 20:16:09  Sync OK - 1 file(s) changed and pushed.
2026-09-24 20:26:12  Sync OK - 1 file(s) changed and pushed.
2026-09-24 20:36:07  Sync OK - 1 file(s) changed and pushed.
2026-09-24 20:46:06  Sync OK - 1 file(s) changed and pushed.
2026-09-24 20:56:06  Sync OK - 1 file(s) changed and pushed.
2026-09-24 21:06:06  Sync OK - 1 file(s) changed and pushed.
2026-09-24 21:16:08  Sync OK - 1 file(s) changed and pushed.
2026-09-24 21:26:11  Sync OK - 1 file(s) changed and pushed.
2026-09-24 21:36:08  Sync OK - 1 file(s) changed and pushed.
2026-09-24 21:46:05  Sync OK - 1 file(s) changed and pushed.
2026-09-24 21:56:05  Sync OK - 1 file(s) changed and pushed.
2026-09-24 22:06:05  Sync OK - 1 file(s) changed and pushed.
2026-09-24 22:16:06  Sync OK - 1 file(s) changed and pushed.
2026-09-24 22:26:19  Sync OK - 1 file(s) changed and pushed.
2026-09-24 22:36:07  Sync OK - 1 file(s) changed and pushed.
2026-09-24 22:46:06  Sync OK - 1 file(s) changed and pushed.
2026-09-24 22:56:05  Sync OK - 1 file(s) changed and pushed.
2026-09-24 23:06:05  Sync OK - 1 file(s) changed and pushed.
2026-09-24 23:16:05  Sync OK - 1 file(s) changed and pushed.
2026-09-24 23:26:06  Sync OK - 1 file(s) changed and pushed.
2026-09-24 23:36:05  Sync OK - 1 file(s) changed and pushed.
2026-09-24 23:46:05  Sync OK - 1 file(s) changed and pushed.
2026-09-24 23:56:05  Sync OK - 1 file(s) changed and pushed.
2026-09-25 00:06:05  Sync OK - 1 file(s) changed and pushed.
2026-09-25 00:16:11  Sync OK - 1 file(s) changed and pushed.
2026-09-25 00:26:05  Sync OK - 1 file(s) changed and pushed.
2026-09-25 00:36:05  Sync OK - 1 file(s) changed and pushed.
2026-09-25 00:46:05  Sync OK - 1 file(s) changed and pushed.
2026-09-25 00:56:05  Sync OK - 1 file(s) changed and pushed.
2026-09-25 01:06:05  Sync OK - 1 file(s) changed and pushed.
2026-09-25 01:16:05  Sync OK - 1 file(s) changed and pushed.
2026-09-25 01:26:05  Sync OK - 1 file(s) changed and pushed.
2026-09-25 01:36:05  Sync OK - 1 file(s) changed and pushed.
2026-09-25 01:46:05  Sync OK - 1 file(s) changed and pushed.
2026-09-25 01:56:05  Sync OK - 1 file(s) changed and pushed.
2026-09-25 02:06:07  Sync OK - 1 file(s) changed and pushed.
2026-09-25 02:16:06  Sync OK - 1 file(s) changed and pushed.
2026-09-25 02:26:05  Sync OK - 1 file(s) changed and pushed.
2026-09-25 02:36:07  Sync OK - 1 file(s) changed and pushed.
2026-09-25 02:46:05  Sync OK - 1 file(s) changed and pushed.
2026-09-25 02:56:05  Sync OK - 1 file(s) changed and pushed.
2026-09-25 03:06:05  Sync OK - 1 file(s) changed and pushed.
2026-09-25 03:16:05  Sync OK - 1 file(s) changed and pushed.
2026-09-25 03:26:05  Sync OK - 1 file(s) changed and pushed.
2026-09-25 03:36:05  Sync OK - 1 file(s) changed and pushed.
2026-09-25 03:46:05  Sync OK - 1 file(s) changed and pushed.
2026-09-25 03:56:05  Sync OK - 1 file(s) changed and pushed.
2026-09-25 04:06:41  Sync OK - 1 file(s) changed and pushed.
2026-09-25 04:16:04  Sync OK - 1 file(s) changed and pushed.
2026-09-25 04:26:04  Sync OK - 1 file(s) changed and pushed.
2026-09-25 04:36:04  Sync OK - 1 file(s) changed and pushed.
2026-09-25 04:46:04  Sync OK - 1 file(s) changed and pushed.
2026-09-25 04:56:04  Sync OK - 1 file(s) changed and pushed.
2026-09-25 05:06:11  Sync OK - 1 file(s) changed and pushed.
2026-09-25 05:16:04  Sync OK - 1 file(s) changed and pushed.
2026-09-25 05:26:04  Sync OK - 1 file(s) changed and pushed.
2026-09-25 05:36:05  Sync OK - 1 file(s) changed and pushed.
2026-09-25 05:46:04  Sync OK - 1 file(s) changed and pushed.
2026-09-25 05:56:04  Sync OK - 1 file(s) changed and pushed.
2026-09-25 06:06:05  Sync OK - 1 file(s) changed and pushed.
2026-09-25 06:16:04  Sync OK - 1 file(s) changed and pushed.
2026-09-25 06:26:04  Sync OK - 1 file(s) changed and pushed.
2026-09-25 06:36:04  Sync OK - 1 file(s) changed and pushed.
2026-09-25 06:46:04  Sync OK - 1 file(s) changed and pushed.
2026-09-25 06:56:05  Sync OK - 1 file(s) changed and pushed.
2026-09-25 07:06:04  Sync OK - 1 file(s) changed and pushed.
2026-09-25 07:16:10  Sync OK - 1 file(s) changed and pushed.
2026-09-25 07:26:05  Sync OK - 1 file(s) changed and pushed.
2026-09-25 07:36:05  Sync OK - 1 file(s) changed and pushed.
2026-09-25 07:46:05  Sync OK - 1 file(s) changed and pushed.
2026-09-25 07:56:05  Sync OK - 1 file(s) changed and pushed.
2026-09-25 08:06:05  Sync OK - 1 file(s) changed and pushed.
2026-09-25 08:16:04  Sync OK - 1 file(s) changed and pushed.
2026-09-25 08:26:04  Sync OK - 1 file(s) changed and pushed.
2026-09-25 08:36:04  Sync OK - 1 file(s) changed and pushed.
2026-09-25 08:46:04  Sync OK - 1 file(s) changed and pushed.
2026-09-25 08:56:04  Sync OK - 1 file(s) changed and pushed.
2026-09-25 09:06:05  Sync OK - 1 file(s) changed and pushed.
2026-09-25 09:16:04  Sync OK - 1 file(s) changed and pushed.
2026-09-25 09:26:06  Sync OK - 1 file(s) changed and pushed.
2026-09-25 09:36:04  Sync OK - 1 file(s) changed and pushed.
2026-09-25 09:46:05  Sync OK - 1 file(s) changed and pushed.
2026-09-25 09:56:05  Sync OK - 1 file(s) changed and pushed.
2026-09-25 10:06:05  Sync OK - 1 file(s) changed and pushed.
2026-09-25 10:16:05  Sync OK - 1 file(s) changed and pushed.
2026-09-25 10:26:05  Sync OK - 1 file(s) changed and pushed.
2026-09-25 10:36:05  Sync OK - 1 file(s) changed and pushed.
2026-09-25 10:46:05  Sync OK - 1 file(s) changed and pushed.
2026-09-25 10:56:05  Sync OK - 1 file(s) changed and pushed.
2026-09-25 11:06:05  Sync OK - 1 file(s) changed and pushed.
2026-09-25 11:16:05  Sync OK - 1 file(s) changed and pushed.
2026-09-25 11:26:05  Sync OK - 1 file(s) changed and pushed.
2026-09-25 11:36:06  Sync OK - 1 file(s) changed and pushed.
2026-09-25 11:46:05  Sync OK - 1 file(s) changed and pushed.
2026-09-25 11:56:05  Sync OK - 1 file(s) changed and pushed.
2026-09-25 12:06:13  Sync OK - 1 file(s) changed and pushed.
2026-09-25 12:16:07  Sync OK - 1 file(s) changed and pushed.
2026-09-25 12:26:05  Sync OK - 1 file(s) changed and pushed.
2026-09-25 12:36:05  Sync OK - 1 file(s) changed and pushed.
2026-09-25 12:46:05  Sync OK - 1 file(s) changed and pushed.
2026-09-25 12:56:06  Sync OK - 1 file(s) changed and pushed.
2026-09-25 13:06:05  Sync OK - 1 file(s) changed and pushed.
2026-09-25 13:16:06  Sync OK - 1 file(s) changed and pushed.
2026-09-25 13:26:05  Sync OK - 1 file(s) changed and pushed.
2026-09-25 13:36:09  Sync OK - 1 file(s) changed and pushed.
2026-09-25 13:46:06  Sync OK - 1 file(s) changed and pushed.
2026-09-25 13:56:05  Sync OK - 1 file(s) changed and pushed.
2026-09-25 14:06:17  Sync OK - 1 file(s) changed and pushed.
2026-09-25 14:16:08  Sync OK - 1 file(s) changed and pushed.
2026-09-25 14:26:07  Sync OK - 1 file(s) changed and pushed.
2026-09-25 14:36:05  Sync OK - 1 file(s) changed and pushed.
2026-09-25 14:46:06  Sync OK - 1 file(s) changed and pushed.
2026-09-25 14:56:07  Sync OK - 1 file(s) changed and pushed.
2026-09-25 15:06:06  Sync OK - 1 file(s) changed and pushed.
2026-09-25 15:16:05  Sync OK - 1 file(s) changed and pushed.
2026-09-25 15:26:07  Sync OK - 1 file(s) changed and pushed.
2026-09-25 15:36:06  Sync OK - 1 file(s) changed and pushed.
2026-09-25 15:46:10  Sync OK - 1 file(s) changed and pushed.
2026-09-25 15:56:05  Sync OK - 1 file(s) changed and pushed.
2026-09-25 16:06:11  Sync OK - 1 file(s) changed and pushed.
2026-09-25 16:16:05  Sync OK - 1 file(s) changed and pushed.
2026-09-25 16:26:06  Sync OK - 1 file(s) changed and pushed.
2026-09-25 16:36:05  Sync OK - 1 file(s) changed and pushed.
2026-09-25 16:46:04  Sync OK - 1 file(s) changed and pushed.
2026-09-25 16:56:09  Sync OK - 1 file(s) changed and pushed.
2026-09-25 17:06:04  Sync OK - 1 file(s) changed and pushed.
2026-09-25 17:16:05  Sync OK - 1 file(s) changed and pushed.
2026-09-25 17:26:04  Sync OK - 1 file(s) changed and pushed.
2026-09-25 17:36:05  Sync OK - 1 file(s) changed and pushed.
2026-09-25 17:46:04  Sync OK - 1 file(s) changed and pushed.
2026-09-25 17:56:12  Sync OK - 1 file(s) changed and pushed.
2026-09-28 19:29:53  Sync OK - 1 file(s) changed and pushed.
2026-09-28 19:38:36  Sync OK - 1 file(s) changed and pushed.
2026-09-28 19:52:00  Sync OK - 1 file(s) changed and pushed.
2026-09-28 19:56:14  Sync OK - 1 file(s) changed and pushed.
2026-09-28 20:06:13  Sync OK - 1 file(s) changed and pushed.
2026-09-28 20:16:09  Sync OK - 1 file(s) changed and pushed.
2026-09-28 20:26:13  Sync OK - 1 file(s) changed and pushed.
2026-09-28 20:36:11  Sync OK - 1 file(s) changed and pushed.
2026-09-28 20:46:09  Sync OK - 1 file(s) changed and pushed.
2026-09-28 20:56:09  Sync OK - 1 file(s) changed and pushed.
2026-09-28 21:06:09  Sync OK - 1 file(s) changed and pushed.
2026-09-28 21:16:09  Sync OK - 1 file(s) changed and pushed.
2026-09-28 21:26:12  Sync OK - 1 file(s) changed and pushed.
2026-09-28 21:36:09  Sync OK - 1 file(s) changed and pushed.
2026-09-28 21:46:08  Sync OK - 1 file(s) changed and pushed.
2026-09-28 21:56:07  Sync OK - 1 file(s) changed and pushed.
2026-09-28 22:06:09  Sync OK - 1 file(s) changed and pushed.
2026-09-28 22:16:08  Sync OK - 1 file(s) changed and pushed.
2026-09-28 22:26:11  Sync OK - 1 file(s) changed and pushed.
2026-09-28 22:36:08  Sync OK - 1 file(s) changed and pushed.
2026-09-28 22:46:08  Sync OK - 1 file(s) changed and pushed.
2026-09-28 22:56:05  Sync OK - 1 file(s) changed and pushed.
2026-09-28 23:06:05  Sync OK - 1 file(s) changed and pushed.
2026-09-28 23:16:05  Sync OK - 1 file(s) changed and pushed.
2026-09-28 23:26:11  Sync OK - 1 file(s) changed and pushed.
2026-09-28 23:36:07  Sync OK - 1 file(s) changed and pushed.
2026-09-28 23:46:07  Sync OK - 1 file(s) changed and pushed.
2026-09-28 23:56:05  Sync OK - 1 file(s) changed and pushed.
2026-09-29 00:06:07  Sync OK - 1 file(s) changed and pushed.
2026-09-29 00:16:05  Sync OK - 1 file(s) changed and pushed.
2026-09-29 00:26:11  Sync OK - 1 file(s) changed and pushed.
2026-09-29 00:36:06  Sync OK - 1 file(s) changed and pushed.
2026-09-29 00:46:09  Sync OK - 1 file(s) changed and pushed.
2026-09-29 00:56:11  Sync OK - 1 file(s) changed and pushed.
2026-09-29 01:06:08  Sync OK - 1 file(s) changed and pushed.
2026-09-29 01:16:07  Sync OK - 1 file(s) changed and pushed.
2026-09-29 01:26:10  Sync OK - 1 file(s) changed and pushed.
2026-09-29 01:36:06  Sync OK - 1 file(s) changed and pushed.
2026-09-29 01:46:04  Sync OK - 1 file(s) changed and pushed.
2026-09-29 01:56:04  Sync OK - 1 file(s) changed and pushed.
2026-09-29 02:06:04  Sync OK - 1 file(s) changed and pushed.
2026-09-29 02:16:11  Sync OK - 1 file(s) changed and pushed.
2026-09-29 02:26:04  Sync OK - 1 file(s) changed and pushed.
2026-09-29 02:36:04  Sync OK - 1 file(s) changed and pushed.
2026-09-29 02:46:04  Sync OK - 1 file(s) changed and pushed.
2026-09-29 02:56:04  Sync OK - 1 file(s) changed and pushed.
2026-09-29 03:06:04  Sync OK - 1 file(s) changed and pushed.
2026-09-29 03:16:04  Sync OK - 1 file(s) changed and pushed.
2026-09-29 03:26:04  Sync OK - 1 file(s) changed and pushed.
2026-09-29 03:36:04  Sync OK - 1 file(s) changed and pushed.
2026-09-29 03:46:04  Sync OK - 1 file(s) changed and pushed.
2026-09-29 03:56:04  Sync OK - 1 file(s) changed and pushed.
2026-09-29 04:06:12  Sync OK - 1 file(s) changed and pushed.
2026-09-29 04:16:07  Sync OK - 1 file(s) changed and pushed.
2026-09-29 04:26:11  Sync OK - 1 file(s) changed and pushed.
2026-09-29 04:36:06  Sync OK - 1 file(s) changed and pushed.
2026-09-29 04:46:04  Sync OK - 1 file(s) changed and pushed.
2026-09-29 04:56:05  Sync OK - 1 file(s) changed and pushed.
2026-09-29 05:06:05  Sync OK - 1 file(s) changed and pushed.
2026-09-29 05:16:06  Sync OK - 1 file(s) changed and pushed.
2026-09-29 05:27:17  Sync OK - 1 file(s) changed and pushed.
2026-09-29 05:36:04  Sync OK - 1 file(s) changed and pushed.
2026-09-29 05:46:04  Sync OK - 1 file(s) changed and pushed.
2026-09-29 05:56:04  Sync OK - 1 file(s) changed and pushed.
2026-09-29 06:06:06  Sync OK - 1 file(s) changed and pushed.
2026-09-29 06:16:09  Sync OK - 1 file(s) changed and pushed.
2026-09-29 06:26:13  Sync OK - 1 file(s) changed and pushed.
2026-09-29 06:36:09  Sync OK - 1 file(s) changed and pushed.
2026-09-29 06:46:09  Sync OK - 1 file(s) changed and pushed.
2026-09-29 06:56:07  Sync OK - 1 file(s) changed and pushed.
2026-09-29 07:06:08  Sync OK - 1 file(s) changed and pushed.
2026-09-29 07:16:08  Sync OK - 1 file(s) changed and pushed.
2026-09-29 07:26:13  Sync OK - 1 file(s) changed and pushed.
2026-09-29 07:36:07  Sync OK - 1 file(s) changed and pushed.
2026-09-29 07:46:05  Sync OK - 1 file(s) changed and pushed.
2026-09-29 07:56:04  Sync OK - 1 file(s) changed and pushed.
2026-09-29 08:06:05  Sync OK - 1 file(s) changed and pushed.
2026-09-29 08:16:10  Sync OK - 1 file(s) changed and pushed.
2026-09-29 08:26:07  Sync OK - 1 file(s) changed and pushed.
2026-09-29 08:36:05  Sync OK - 1 file(s) changed and pushed.
2026-09-29 08:46:04  Sync OK - 1 file(s) changed and pushed.
2026-09-29 08:56:05  Sync OK - 1 file(s) changed and pushed.
2026-09-29 09:06:05  Sync OK - 1 file(s) changed and pushed.
2026-09-29 09:16:12  Sync OK - 1 file(s) changed and pushed.
2026-09-29 16:49:04  Sync OK - 1 file(s) changed and pushed.
2026-09-29 16:56:07  Sync OK - 1 file(s) changed and pushed.
2026-09-29 17:06:07  Sync OK - 1 file(s) changed and pushed.
2026-09-29 17:16:15  Sync OK - 1 file(s) changed and pushed.
2026-09-29 17:26:13  Sync OK - 1 file(s) changed and pushed.
2026-09-29 17:36:08  Sync OK - 1 file(s) changed and pushed.
2026-09-29 17:46:06  Sync OK - 1 file(s) changed and pushed.
2026-09-29 18:22:13  Sync OK - 1 file(s) changed and pushed.
2026-09-29 18:30:31  Sync OK - 1 file(s) changed and pushed.
2026-09-29 18:36:09  Sync OK - 1 file(s) changed and pushed.
2026-09-29 18:46:05  Sync OK - 1 file(s) changed and pushed.
2026-09-29 18:56:05  Sync OK - 1 file(s) changed and pushed.
2026-09-29 19:06:05  Sync OK - 1 file(s) changed and pushed.
2026-09-29 19:16:15  Sync OK - 1 file(s) changed and pushed.
2026-09-29 19:26:09  Sync OK - 1 file(s) changed and pushed.
2026-09-29 19:36:14  Sync OK - 1 file(s) changed and pushed.
2026-09-29 19:46:08  Sync OK - 1 file(s) changed and pushed.
2026-09-29 19:56:13  Sync OK - 1 file(s) changed and pushed.
2026-09-29 20:06:05  Sync OK - 1 file(s) changed and pushed.
2026-09-29 20:16:13  Sync OK - 1 file(s) changed and pushed.
2026-09-29 20:26:18  Sync OK - 1 file(s) changed and pushed.
2026-09-29 20:46:12  Sync OK - 1 file(s) changed and pushed.
2026-09-29 20:56:12  Sync OK - 1 file(s) changed and pushed.
2026-09-29 21:06:14  Sync OK - 1 file(s) changed and pushed.
2026-09-29 21:16:27  Sync OK - 1 file(s) changed and pushed.
2026-09-29 21:26:21  Sync OK - 1 file(s) changed and pushed.
2026-09-29 21:36:09  Sync OK - 1 file(s) changed and pushed.
2026-09-29 21:46:15  Sync OK - 1 file(s) changed and pushed.
2026-09-29 21:56:14  Sync OK - 1 file(s) changed and pushed.
2026-09-29 22:06:15  Sync OK - 1 file(s) changed and pushed.
2026-09-29 22:16:23  Sync OK - 1 file(s) changed and pushed.
2026-09-29 22:26:22  Sync OK - 1 file(s) changed and pushed.
2026-09-29 22:36:15  Sync OK - 1 file(s) changed and pushed.
2026-09-29 22:46:12  Sync OK - 1 file(s) changed and pushed.
2026-09-29 22:56:10  Sync OK - 1 file(s) changed and pushed.
2026-09-29 23:06:53  Sync OK - 1 file(s) changed and pushed.
2026-09-29 23:16:23  Sync OK - 1 file(s) changed and pushed.
2026-09-29 23:26:16  Sync OK - 1 file(s) changed and pushed.
2026-09-29 23:36:12  Sync OK - 1 file(s) changed and pushed.
2026-09-29 23:46:15  Sync OK - 1 file(s) changed and pushed.
2026-09-29 23:56:07  Sync OK - 1 file(s) changed and pushed.
2026-09-30 00:06:06  Sync OK - 1 file(s) changed and pushed.
2026-09-30 00:16:14  Sync OK - 1 file(s) changed and pushed.
2026-09-30 00:26:14  Sync OK - 1 file(s) changed and pushed.
2026-09-30 00:36:08  Sync OK - 1 file(s) changed and pushed.
2026-09-30 00:46:21  Sync OK - 1 file(s) changed and pushed.
2026-09-30 00:56:09  Sync OK - 1 file(s) changed and pushed.
2026-09-30 01:06:13  Sync OK - 1 file(s) changed and pushed.
2026-09-30 01:16:19  Sync OK - 1 file(s) changed and pushed.
2026-09-30 01:27:43  Sync OK - 1 file(s) changed and pushed.
2026-09-30 01:36:07  Sync OK - 1 file(s) changed and pushed.
2026-09-30 01:46:04  Sync OK - 1 file(s) changed and pushed.
2026-09-30 01:56:05  Sync OK - 1 file(s) changed and pushed.
2026-09-30 02:06:04  Sync OK - 1 file(s) changed and pushed.
2026-09-30 02:16:07  Sync OK - 1 file(s) changed and pushed.
2026-09-30 02:26:11  Sync OK - 1 file(s) changed and pushed.
2026-09-30 02:36:08  Sync OK - 1 file(s) changed and pushed.
2026-09-30 02:46:06  Sync OK - 1 file(s) changed and pushed.
2026-09-30 02:56:06  Sync OK - 1 file(s) changed and pushed.
2026-09-30 03:06:09  Sync OK - 1 file(s) changed and pushed.
2026-09-30 03:16:23  Sync OK - 1 file(s) changed and pushed.
2026-09-30 03:26:13  Sync OK - 1 file(s) changed and pushed.
2026-09-30 03:36:12  Sync OK - 1 file(s) changed and pushed.
2026-09-30 03:46:15  Sync OK - 1 file(s) changed and pushed.
2026-09-30 03:56:10  Sync OK - 1 file(s) changed and pushed.
2026-09-30 04:06:16  Sync OK - 1 file(s) changed and pushed.
2026-09-30 04:16:12  Sync OK - 1 file(s) changed and pushed.
2026-09-30 04:26:13  Sync OK - 1 file(s) changed and pushed.
2026-09-30 04:36:09  Sync OK - 1 file(s) changed and pushed.
2026-09-30 04:46:12  Sync OK - 1 file(s) changed and pushed.
2026-09-30 04:56:09  Sync OK - 1 file(s) changed and pushed.
2026-09-30 05:06:06  Sync OK - 1 file(s) changed and pushed.
2026-09-30 05:16:20  Sync OK - 1 file(s) changed and pushed.
2026-09-30 05:26:12  Sync OK - 1 file(s) changed and pushed.
2026-09-30 05:36:09  Sync OK - 1 file(s) changed and pushed.
2026-09-30 05:46:12  Sync OK - 1 file(s) changed and pushed.
2026-09-30 05:56:15  Sync OK - 1 file(s) changed and pushed.
2026-09-30 06:07:13  Sync OK - 1 file(s) changed and pushed.
2026-09-30 06:16:28  Sync OK - 1 file(s) changed and pushed.
2026-09-30 06:26:12  Sync OK - 1 file(s) changed and pushed.
2026-09-30 06:36:08  Sync OK - 1 file(s) changed and pushed.
2026-09-30 06:46:12  Sync OK - 1 file(s) changed and pushed.
2026-09-30 06:56:12  Sync OK - 1 file(s) changed and pushed.
2026-09-30 07:06:09  Sync OK - 1 file(s) changed and pushed.
2026-09-30 07:16:18  Sync OK - 1 file(s) changed and pushed.
2026-09-30 07:26:15  Sync OK - 1 file(s) changed and pushed.
2026-09-30 07:36:12  Sync OK - 1 file(s) changed and pushed.
2026-09-30 07:46:10  Sync OK - 1 file(s) changed and pushed.
2026-09-30 07:56:09  Sync OK - 1 file(s) changed and pushed.
2026-09-30 08:06:09  Sync OK - 1 file(s) changed and pushed.
2026-09-30 08:16:19  Sync OK - 1 file(s) changed and pushed.
2026-09-30 08:26:13  Sync OK - 1 file(s) changed and pushed.
2026-09-30 08:36:15  Sync OK - 1 file(s) changed and pushed.
2026-09-30 08:46:14  Sync OK - 1 file(s) changed and pushed.
2026-09-30 08:56:12  Sync OK - 1 file(s) changed and pushed.
2026-09-30 09:06:13  Sync OK - 1 file(s) changed and pushed.
2026-09-30 09:16:19  Sync OK - 1 file(s) changed and pushed.
2026-09-30 09:26:14  Sync OK - 1 file(s) changed and pushed.
2026-09-30 09:36:13  Sync OK - 1 file(s) changed and pushed.
2026-09-30 09:46:16  Sync OK - 1 file(s) changed and pushed.
2026-09-30 09:56:10  Sync OK - 1 file(s) changed and pushed.
2026-09-30 10:06:10  Sync OK - 1 file(s) changed and pushed.
2026-09-30 10:16:21  Sync OK - 1 file(s) changed and pushed.
2026-09-30 10:26:15  Sync OK - 1 file(s) changed and pushed.
2026-09-30 10:36:14  Sync OK - 1 file(s) changed and pushed.
2026-09-30 10:46:13  Sync OK - 1 file(s) changed and pushed.
2026-09-30 10:56:16  Sync OK - 1 file(s) changed and pushed.
2026-09-30 11:06:08  Sync OK - 1 file(s) changed and pushed.
2026-09-30 11:16:19  Sync OK - 1 file(s) changed and pushed.
2026-09-30 11:26:14  Sync OK - 1 file(s) changed and pushed.
2026-09-30 11:36:11  Sync OK - 1 file(s) changed and pushed.
2026-09-30 11:46:13  Sync OK - 1 file(s) changed and pushed.
2026-09-30 11:56:15  Sync OK - 1 file(s) changed and pushed.
2026-09-30 12:06:13  Sync OK - 1 file(s) changed and pushed.
2026-09-30 12:16:20  Sync OK - 1 file(s) changed and pushed.
2026-09-30 12:26:20  Sync OK - 1 file(s) changed and pushed.
2026-09-30 12:36:13  Sync OK - 1 file(s) changed and pushed.
2026-09-30 12:46:05  Sync OK - 1 file(s) changed and pushed.
2026-09-30 12:56:09  Sync OK - 1 file(s) changed and pushed.
2026-09-30 13:06:30  Sync OK - 1 file(s) changed and pushed.
2026-09-30 13:16:29  Sync OK - 1 file(s) changed and pushed.
2026-09-30 13:26:15  Sync OK - 1 file(s) changed and pushed.
2026-09-30 13:36:13  Sync OK - 1 file(s) changed and pushed.
2026-09-30 13:46:10  Sync OK - 1 file(s) changed and pushed.
2026-09-30 13:56:13  Sync OK - 1 file(s) changed and pushed.
2026-09-30 14:06:12  Sync OK - 1 file(s) changed and pushed.
2026-09-30 14:16:20  Sync OK - 1 file(s) changed and pushed.
2026-09-30 14:26:14  Sync OK - 1 file(s) changed and pushed.
2026-09-30 14:36:10  Sync OK - 1 file(s) changed and pushed.
2026-09-30 14:46:10  Sync OK - 1 file(s) changed and pushed.
2026-09-30 14:56:14  Sync OK - 1 file(s) changed and pushed.
2026-09-30 15:06:12  Sync OK - 1 file(s) changed and pushed.
2026-09-30 15:46:08  No changes - nothing to sync.
2026-09-30 15:56:08  Sync OK - 1 file(s) changed and pushed.
2026-09-30 16:06:13  Sync OK - 1 file(s) changed and pushed.
2026-09-30 16:16:19  Sync OK - 1 file(s) changed and pushed.
2026-09-30 16:26:13  Sync OK - 1 file(s) changed and pushed.
2026-09-30 16:36:06  Sync OK - 1 file(s) changed and pushed.
2026-09-30 16:46:16  Sync OK - 1 file(s) changed and pushed.
2026-09-30 16:56:11  Sync OK - 1 file(s) changed and pushed.
2026-09-30 17:06:09  Sync OK - 1 file(s) changed and pushed.
2026-09-30 17:16:19  Sync OK - 1 file(s) changed and pushed.
2026-09-30 17:26:13  Sync OK - 1 file(s) changed and pushed.
2026-09-30 17:36:07  Sync OK - 1 file(s) changed and pushed.
2026-09-30 17:46:12  Sync OK - 1 file(s) changed and pushed.
2026-09-30 17:56:06  Sync OK - 1 file(s) changed and pushed.
2026-09-30 18:06:05  Sync OK - 1 file(s) changed and pushed.
2026-09-30 18:16:18  Sync OK - 1 file(s) changed and pushed.
2026-09-30 18:26:14  Sync OK - 1 file(s) changed and pushed.
2026-09-30 18:36:13  Sync OK - 1 file(s) changed and pushed.
2026-09-30 18:46:13  Sync OK - 1 file(s) changed and pushed.
2026-09-30 18:56:14  Sync OK - 1 file(s) changed and pushed.
2026-09-30 19:06:10  Sync OK - 1 file(s) changed and pushed.
2026-09-30 19:16:18  Sync OK - 1 file(s) changed and pushed.
2026-09-30 19:26:18  Sync OK - 1 file(s) changed and pushed.
2026-09-30 19:36:13  Sync OK - 1 file(s) changed and pushed.
2026-09-30 19:46:12  Sync OK - 1 file(s) changed and pushed.
2026-09-30 19:56:13  Sync OK - 1 file(s) changed and pushed.
2026-09-30 20:06:35  Sync OK - 1 file(s) changed and pushed.
2026-09-30 20:16:22  Sync OK - 1 file(s) changed and pushed.
